[debug] [2026-03-10T14:59:13.623Z] ----------------------------------------------------------------------
[debug] [2026-03-10T14:59:13.625Z] Command:       C:\Program Files\nodejs\node.exe C:\Users\MEDIAST 01\AppData\Roaming\npm\node_modules\firebase-tools\lib\bin\firebase.js init
[debug] [2026-03-10T14:59:13.626Z] CLI Version:   15.9.0
[debug] [2026-03-10T14:59:13.626Z] Platform:      win32
[debug] [2026-03-10T14:59:13.626Z] Node Version:  v24.12.0
[debug] [2026-03-10T14:59:13.626Z] Time:          Tue Mar 10 2026 14:59:13 GMT+0000 (GMT)
[debug] [2026-03-10T14:59:13.626Z] ----------------------------------------------------------------------
[debug] 
[debug] [2026-03-10T14:59:13.628Z] >>> [apiv2][query] GET https://firebase-public.firebaseio.com/cli.json [none]
[info] 
     ######## #### ########  ######## ########     ###     ######  ########
     ##        ##  ##     ## ##       ##     ##  ##   ##  ##       ##
     ######    ##  ########  ######   ########  #########  ######  ######
     ##        ##  ##    ##  ##       ##     ## ##     ##       ## ##
     ##       #### ##     ## ######## ########  ##     ##  ######  ########

You're about to initialize a Firebase project in this directory:

  C:\Users\MEDIAST 01\Desktop\vitasilk\vitasilk

[debug] [2026-03-10T14:59:16.265Z] <<< [apiv2][status] GET https://firebase-public.firebaseio.com/cli.json 200
[debug] [2026-03-10T14:59:16.265Z] <<< [apiv2][body] GET https://firebase-public.firebaseio.com/cli.json {"cloudBuildErrorAfter":1594252800000,"cloudBuildWarnAfter":1590019200000,"defaultNode10After":1594252800000,"minVersion":"3.0.5","node8DeploysDisabledAfter":1613390400000,"node8RuntimeDisabledAfter":1615809600000,"node8WarnAfter":1600128000000}
[info] 
=== Project Setup
[info] 
[info] First, let's associate this project directory with a Firebase project.
[info] You can create multiple project aliases by running firebase use --add, 
[info] 
[debug] [2026-03-10T14:59:22.344Z] > command requires scopes: ["email","openid","https://www.googleapis.com/auth/cloudplatformprojects.readonly","https://www.googleapis.com/auth/firebase","https://www.googleapis.com/auth/cloud-platform"]
[debug] [2026-03-10T14:59:22.344Z] > authorizing via signed-in user (antivirus13va@gmail.com)
[debug] [2026-03-10T14:59:22.344Z] Checked if tokens are valid: false, expires at: 1773070686227
[debug] [2026-03-10T14:59:22.345Z] Checked if tokens are valid: false, expires at: 1773070686227
[debug] [2026-03-10T14:59:22.345Z] > refreshing access token with scopes: []
[debug] [2026-03-10T14:59:22.345Z] >>> [apiv2][query] POST https://www.googleapis.com/oauth2/v3/token [none]
[debug] [2026-03-10T14:59:22.345Z] >>> [apiv2][body] POST https://www.googleapis.com/oauth2/v3/token [omitted]
[debug] [2026-03-10T14:59:22.501Z] <<< [apiv2][status] POST https://www.googleapis.com/oauth2/v3/token 200
[debug] [2026-03-10T14:59:22.501Z] <<< [apiv2][body] POST https://www.googleapis.com/oauth2/v3/token [omitted]
[debug] [2026-03-10T14:59:22.506Z] >>> [apiv2][query] GET https://firebase.googleapis.com/v1beta1/projects pageSize=100
[debug] [2026-03-10T14:59:23.120Z] <<< [apiv2][status] GET https://firebase.googleapis.com/v1beta1/projects 200
[debug] [2026-03-10T14:59:23.120Z] <<< [apiv2][body] GET https://firebase.googleapis.com/v1beta1/projects [omitted]
[info] 
=== Hosting Setup
[debug] [2026-03-10T14:59:27.341Z] Checked if tokens are valid: true, expires at: 1773158361501
[debug] [2026-03-10T14:59:27.341Z] Checked if tokens are valid: true, expires at: 1773158361501
[debug] [2026-03-10T14:59:27.341Z] >>> [apiv2][query] GET https://firebase.googleapis.com/v1beta1/projects/vitasilk [none]
[debug] [2026-03-10T14:59:27.623Z] <<< [apiv2][status] GET https://firebase.googleapis.com/v1beta1/projects/vitasilk 200
[debug] [2026-03-10T14:59:27.623Z] <<< [apiv2][body] GET https://firebase.googleapis.com/v1beta1/projects/vitasilk {"projectId":"vitasilk","projectNumber":"922809563652","displayName":"vitasilk","name":"projects/vitasilk","resources":{"hostingSite":"vitasilk","realtimeDatabaseInstance":"vitasilk-default-rtdb"},"state":"ACTIVE","etag":"1_a2a22ed4-999c-4362-b9d9-f67d64838f7c"}
[info] 
[info] Your public directory is the folder (relative to your project directory) that
[info] will contain Hosting assets to be uploaded with firebase deploy. If you
[info] have a build process for your assets, use your build's output directory.
[info] 
[debug] [2026-03-10T14:59:32.873Z] ExitPromptError: User force closed the prompt with SIGINT
    at Interface.sigint (C:\Users\MEDIAST 01\AppData\Roaming\npm\node_modules\firebase-tools\node_modules\@inquirer\core\dist\commonjs\lib\create-prompt.js:101:37)
    at Interface.emit (node:events:508:28)
    at [_ttyWrite] [as _ttyWrite] (node:internal/readline/interface:1327:18)
    at ReadStream.onkeypress (node:internal/readline/interface:284:20)
    at ReadStream.emit (node:events:520:35)
    at emitKeys (node:internal/readline/utils:371:14)
    at emitKeys.next (<anonymous>)
    at ReadStream.onData (node:internal/readline/emitKeypressEvents:64:36)
    at ReadStream.emit (node:events:508:28)
    at addChunk (node:internal/streams/readable:559:12)
[error] 
[error] Error: An unexpected error has occurred.
